// Jest Snapshot v1, https://goo.gl/fbAQLP

exports[`Should render login page correctly 1`] = `
<div>
  <form
    onSubmit={[Function]}
  >
    <h4>
      Expensify
    </h4>
    <input
      name="username"
      placeholder="Username"
      type="text"
    />
    <input
      name="password"
      placeholder="Password"
      type="password"
    />
    <button
      type="submit"
    >
      Login
    </button>
  </form>
</div>
`;
