// Jest Snapshot v1, https://goo.gl/fbAQLP

exports[`Should render login page correctly 1`] = `
<div>
  <form>
    <h4>
      Expensify
    </h4>
    <input
      name="username"
      placeholder="Username"
      type="text"
    />
    <input
      name="password"
      placeholder="Password"
      type="password"
    />
  </form>
  <button
    onClick={[Function]}
  >
    Login
  </button>
</div>
`;
